# Challenge Name
implicit relative paths

## My solve
**Flag:** `pwn.college{kfACzm8AZN9oVDSnz7WFPEUqQLi.QX5QTN0wyNzEzNzEzW}`

```bash
Connected!
hacker@paths~implicit-relative-paths-from-:~$ /challenge/run
Incorrect...
You are not currently in the / directory.
Please use the `cd` utility to change directory appropriately.
hacker@paths~implicit-relative-paths-from-:~$ cd /
hacker@paths~implicit-relative-paths-from-:/$ /challenge/run
Incorrect...
You invoked this challenge with an absolute path. This challenge needs a relative path!
hacker@paths~implicit-relative-paths-from-:/$ cwd
bash: cwd: command not found
hacker@paths~implicit-relative-paths-from-:/$ challenge/run
Correct!!!
challenge/run is a relative path, invoked from the right directory!
Here is your flag:
pwn.college{kfACzm8AZN9oVDSnz7WFPEUqQLi.QX5QTN0wyNzEzNzEzW}
```
## Incorrect tangents I went on
invoked challenge with absolute path rather than relative
tried to access challenge without entering / directory

## What I learned
I learned about using relative paths and the fact that we dont need to mention the relative directory in the relative path (ex: only invoke challenge/run when in / directory)

## References 
None
